[playentry.org/index.html]
[playentry.org/tt.html]
[playentry.org/study/basic/textbook.html]
[playentry.org/ws.html]
[playentry.org/all.html]
[playentry.org/ds.html]
[playentry.org/entry.html]
[playentry.org/dark.html]
[playentry.org/abbbbb.html]
[playentry.org/entry/5c861af7c056ec41de2425df180b.html]
[backblue.gif]
[fade.gif]
[index.html]
[playentry.org/img/assets/og-entry-image.png]
[playentry.org/fonts/NanumBarunGothic.woff]
[playentry.org/fonts/NanumBarunGothicLight.woff]
[playentry.org/fonts/NanumBarunGothicUltraLight.woff]
[playentry.org/fonts/NanumBarunGothicBold.woff]
[playentry.org/fonts/NotoSansKR-subset-Regular.woff]
[playentry.org/fonts/NotoSansKR-subset-Medium.woff]
[playentry.org/fonts/NotoSansKR-subset-Bold.woff]
[playentry.org/fonts/NanumSquareRegular.woff]
[playentry.org/fonts/NanumSquareBold.woff]
[playentry.org/img/icons/favicon.ico]
[playentry.org/ie.html]
[playentry.org/css/views/index_keyframes.css]
[playentry.org/css/views/guide.css]
[playentry.org/lib/jquery/jquery.min.js]
[playentry.org/lib/jquery-ui/ui/minified/jquery-ui.min.js]
[playentry.org/lib/lodash/dist/lodash.min.js]
[playentry.org/lib/angular/angular.min.js]
[playentry.org/lib/angular-local-storage/dist/angular-local-storage.min.js]
[playentry.org/lib/angular-cookies/angular-cookies.min.js]
[playentry.org/lib/angular-resource/angular-resource.min.js]
[playentry.org/lib/angular-route/angular-route.min.js]
[playentry.org/lib/angular-touch/angular-touch.js]
[playentry.org/lib/angular-bootstrap/ui-bootstrap.min.js]
[playentry.org/lib/angular-bootstrap/ui-bootstrap-tpls.min.js]
[playentry.org/lib/react/react.js]
[playentry.org/lib/react/react-dom.js]
[playentry.org/js/lang/en1b53.js]
[playentry.org/lib/bootstrap/dist/js/bootstrap.min.js]
[playentry.org/lib/clipboard/dist/clipboard.min.js]
[playentry.org/lib/entry-js/extern/util/static1b53.js]
[playentry.org/builds/main1b53.js]
[playentry.org/builds/main_script1b53.js]
[playentry.org/js/analytics.js]
[playentry.org/js/fb.js]
[playentry.org/js/lcslog.js]
[playentry.org/lib/entry-lms/dist/assets/app1b53.css]
[playentry.org/lib/entry-lms/dist/assets/app1b53.js]
[playentry.org/lib/entry-tool/dist/entry-tool1b53.css]
[playentry.org/lib/entry-tool/dist/entry-tool1b53.js]
[playentry.org/lib/entry-paint/dist/static/js/entry-paint1b53.js]
[playentry.org/builds/index1b53.js]
[playentry.org/builds/index_script1b53.js]
[playentry.org/index.html]
[playentry.org/lib/entry-js/dist/entry.min1b53.js]
[playentry.org/lib/ui-sortable/sortable.min.js]
[playentry.org/css/fonts.css]
[playentry.org/lib/entry-js/extern/blockly/blockly_compressed.js]
[playentry.org/lib/entry-js/extern/blockly/msg/js/ko.js]
[playentry.org/lib/PreloadJS/lib/preloadjs-0.6.0.min.js]
[playentry.org/lib/EaselJS/lib/easeljs-0.8.0.min.js]
[playentry.org/lib/SoundJS/lib/soundjs-0.6.0.min.js]
[playentry.org/lib/entry-js/extern/util/CanvasInput.js]
[playentry.org/lib/entry-js/extern/util/ndgmr.Collision.js]
[playentry.org/lib/entry-js/extern/util/handle.js]
[playentry.org/lib/entry-js/extern/util/bignumber.min.js]
[playentry.org/lib/socket.io-client/socket.io.js]
[playentry.org/lib/velocity/velocity.min.js]
[playentry.org/js/entry/entry_languages/ko.js]
[playentry.org/lib/fadeSlider/fadeSlideShow.js]
[playentry.org/builds/study1b53.js]
[playentry.org/tt.html]
[playentry.org/study/basic/textbook.html]
[playentry.org/builds/study_script1b53.js]
[playentry.org/lib/entry-js/dist/entry49ee.css]
[playentry.org/lib/entry-tool/dist/entry-tool49ee.css]
[playentry.org/lib/entry-lms/dist/assets/app49ee.css]
[playentry.org/lib/literallycanvas-mobile/lib/css/literallycanvas.css]
[playentry.org/lib/codemirror/addon/hint/show-hint.css]
[playentry.org/lib/codemirror/addon/lint/lint.css]
[playentry.org/lib/codemirror/theme/dracula.css]
[playentry.org/lib/codemirror/theme/mbo.css]
[playentry.org/lib/codemirror/theme/neo.css]
[playentry.org/_next/static/NGosOI6DN9lJ0lO3ZJ9vp/pages/ws.js]
[playentry.org/_next/static/NGosOI6DN9lJ0lO3ZJ9vp/pages/_app.js]
[playentry.org/_next/static/NGosOI6DN9lJ0lO3ZJ9vp/pages/_error.js]
[playentry.org/_next/static/runtime/webpack-1c402e03958e69ecfdd8.js]
[playentry.org/_next/static/chunks/commons.75684c3ca475192bfaf2.js]
[playentry.org/_next/static/chunks/styles.ffaee79a7692ac8d12eb.js]
[playentry.org/_next/static/runtime/main-ef05e09dcfb5e0b99d98.js]
[playentry.org/_next/static/css/styles.1e5bc872.chunk.css]
[playentry.org/css/fonts_mobile.css]
[playentry.org/css/common_fonts_mobile.css]
[playentry.org/js/lang/en49ee.js]
[playentry.org/lib/SoundJS/lib/flashaudioplugin-0.6.0.min.js]
[playentry.org/lib/codemirror/lib/codemirror.js]
[playentry.org/lib/codemirror/addon/hint/show-hint.js]
[playentry.org/lib/codemirror/addon/lint/lint.js]
[playentry.org/lib/codemirror/addon/selection/active-line.js]
[playentry.org/lib/codemirror/mode/javascript/javascript.js]
[playentry.org/lib/codemirror/addon/hint/javascript-hint.js]
[playentry.org/js/jshint.js]
[playentry.org/lib/fuzzy/lib/fuzzy.js]
[playentry.org/js/textmode/python/python.js]
[playentry.org/lib/entry-js/extern/util/filbert.js]
[playentry.org/lib/entry-js/extern/util/static49ee.js]
[playentry.org/lib/entry-lms/dist/assets/app49ee.js]
[playentry.org/lib/entry-tool/dist/entry-tool49ee.js]
[playentry.org/lib/entry-paint/dist/static/js/entry-paint49ee.js]
[playentry.org/lib/literallycanvas-mobile/lib/js/literallycanvas.js]
[playentry.org/ws.html]
[playentry.org/js/lang/en24e0.js]
[playentry.org/lib/entry-js/dist/entry49ee.js]
[playentry.org/lib/entry-js/extern/util/static24e0.js]
[playentry.org/builds/main24e0.js]
[playentry.org/builds/main_script24e0.js]
[playentry.org/lib/entry-lms/dist/assets/app24e0.css]
[playentry.org/lib/entry-lms/dist/assets/app24e0.js]
[playentry.org/lib/entry-tool/dist/entry-tool24e0.css]
[playentry.org/lib/entry-tool/dist/entry-tool24e0.js]
[playentry.org/lib/entry-paint/dist/static/js/entry-paint24e0.js]
[playentry.org/builds/arts24e0.js]
[playentry.org/js/entry/entry_languages/ko24e0.js]
[playentry.org/all.html]
[playentry.org/lib/entry-js/dist/entry.min24e0.js]
[playentry.org/builds/arts_script24e0.js]
[playentry.org/lib/jquery-colorbox/jquery.colorbox-min.js]
[playentry.org/builds/discuss24e0.js]
[playentry.org/ds.html]
[playentry.org/builds/discuss_script24e0.js]
[playentry.org/js/lang/en5a15.js]
[playentry.org/lib/entry-js/extern/util/static5a15.js]
[playentry.org/builds/main5a15.js]
[playentry.org/builds/main_script5a15.js]
[playentry.org/lib/entry-lms/dist/assets/app5a15.css]
[playentry.org/lib/entry-lms/dist/assets/app5a15.js]
[playentry.org/lib/entry-tool/dist/entry-tool5a15.css]
[playentry.org/lib/entry-tool/dist/entry-tool5a15.js]
[playentry.org/lib/entry-paint/dist/static/js/entry-paint5a15.js]
[playentry.org/builds/arts5a15.js]
[playentry.org/lib/entry-js/dist/entry.min5a15.js]
[playentry.org/js/entry/entry_languages/ko5a15.js]
[playentry.org/entry.html]
[playentry.org/dark.html]
[playentry.org/abbbbb.html]
[playentry.org/builds/arts_script5a15.js]
[playentry.org/entry/https_/playentry.org/entry#!/my_project_sort=updated&rows=15&page=1&tab=my_project&type=project]
[playentry.org/js/lang/en3eee.js]
[playentry.org/lib/entry-js/extern/util/static3eee.js]
[playentry.org/builds/main3eee.js]
[playentry.org/builds/main_script3eee.js]
[playentry.org/lib/entry-lms/dist/assets/app3eee.css]
[playentry.org/lib/entry-lms/dist/assets/app3eee.js]
[playentry.org/lib/entry-tool/dist/entry-tool3eee.css]
[playentry.org/lib/entry-tool/dist/entry-tool3eee.js]
[playentry.org/lib/entry-paint/dist/static/js/entry-paint3eee.js]
[playentry.org/builds/arts_view3eee.js]
[playentry.org/lib/pixi.min/index.js]
[playentry.org/entry/5c861af7c056ec41de2425df180b.html]
[playentry.org/builds/arts_script3eee.js]
[playentry.org/lib/entry-js/dist/entry.min3eee.js]
[playentry.org/lib/bootstrap/dist/css/bootstrap.min.css]
[playentry.org/css/pages/ie.css]
[playentry.org/ie.html]
[playentry.org/css/views/index_keyframes.css]
[playentry.org/js/lang/en656e.js]
[playentry.org/static/img/assets/entry_logo_color.png]
[playentry.org/static/img/assets/entryPathArrow.png]
[playentry.org/static/img/assets/guide/close.png]
[playentry.org/css/views/guide.css]
[playentry.org/static/img/assets/guide/mask.png]
[playentry.org/lib/entry-lms/dist/assets/app1b53.css]
[playentry.org/lib/entry-tool/dist/entry-tool1b53.css]
[playentry.org/lib/entry-lms/dist/assets/2da06e9cd0fc94d1892ed93eb3b2afeb.png]
[playentry.org/fonts/JejuHallasan-Regular.woff2]
[playentry.org/fonts/JejuHallasan-Regular.woff]
[playentry.org/fonts/KoPubBatang-Light.woff2]
[playentry.org/fonts/KoPubBatang-Light.woff]
[playentry.org/fonts/KoPubBatang-Regular.woff2]
[playentry.org/fonts/KoPubBatang-Regular.woff]
[playentry.org/fonts/KoPubBatang-Bold.woff2]
[playentry.org/fonts/KoPubBatang-Bold.woff]
[playentry.org/fonts/NanumGothic-Regular.woff2]
[playentry.org/fonts/NanumGothic-Regular.woff]
[playentry.org/fonts/NanumGothic-Bold.woff2]
[playentry.org/fonts/NanumGothic-Bold.woff]
[playentry.org/fonts/NanumGothic-ExtraBold.woff2]
[playentry.org/fonts/NanumGothic-ExtraBold.woff]
[playentry.org/fonts/NanumGothicCoding-Regular.woff2]
[playentry.org/fonts/NanumGothicCoding-Regular.woff]
[playentry.org/fonts/NanumGothicCoding-Bold.woff2]
[playentry.org/fonts/NanumGothicCoding-Bold.woff]
[playentry.org/fonts/NanumMyeongjo-Regular.woff2]
[playentry.org/fonts/NanumMyeongjo-Regular.woff]
[playentry.org/fonts/NanumMyeongjo-Bold.woff2]
[playentry.org/fonts/NanumMyeongjo-Bold.woff]
[playentry.org/fonts/NanumMyeongjo-ExtraBold.woff2]
[playentry.org/fonts/NanumMyeongjo-ExtraBold.woff]
[playentry.org/fonts/NanumPenScript-Regular.woff2]
[playentry.org/fonts/NanumPenScript-Regular.woff]
[playentry.org/fonts/designhouseOTFLight00.woff]
[playentry.org/fonts/DungGeunMo.woff]
[playentry.org/fonts/SangSangFlowerRoad.woff]
[playentry.org/fonts/Goyang.woff]
[playentry.org/fonts/HSBombaram.woff]
[playentry.org/fonts/JalnanOTF00.woff]
[playentry.org/fonts/Malssami815.woff]
[playentry.org/fonts/NanumSquareRound-Regular.woff2]
[playentry.org/fonts/NanumSquareRound-Regular.woff]
[playentry.org/fonts/NanumSquareRound-Bold.woff2]
[playentry.org/fonts/NanumSquareRound-Bold.woff]
[playentry.org/fonts/NanumSquareRound-ExtraBold.woff2]
[playentry.org/fonts/NanumSquareRound-ExtraBold.woff]
[playentry.org/fonts/UhBeemysen.woff]
[playentry.org/fonts/YiSunShinRegular.woff]
[playentry.org/fonts/SDComicStencil-aBasic.woff]
[playentry.org/fonts/SDChildfundkorea.woff]
[playentry.org/fonts/SDCinemaTheater.woff]
[playentry.org/fonts/SDMapssi.woff]
[playentry.org/fonts/SDShabang-bMd.woff]
[playentry.org/fonts/SDWoodcarving.woff]
[playentry.org/fonts/SDYongbi.woff]
[playentry.org/css/fonts.css]
[playentry.org/media/handopen.cur]
[playentry.org/media/handclosed.cur]
[playentry.org/lib/entry-js/images/beta_tag.svg]
[playentry.org/lib/entry-js/images/start.svg]
[playentry.org/lib/entry-js/images/start_on.svg]
[playentry.org/lib/entry-js/images/flow.svg]
[playentry.org/lib/entry-js/images/flow_on.svg]
[playentry.org/lib/entry-js/images/moving.svg]
[playentry.org/lib/entry-js/images/moving_on.svg]
[playentry.org/lib/entry-js/images/looks.svg]
[playentry.org/lib/entry-js/images/looks_on.svg]
[playentry.org/lib/entry-js/images/brush.svg]
[playentry.org/lib/entry-js/images/brush_on.svg]
[playentry.org/lib/entry-js/images/text.svg]
[playentry.org/lib/entry-js/images/text_on.svg]
[playentry.org/lib/entry-js/images/sound.svg]
[playentry.org/lib/entry-js/images/sound_on.svg]
[playentry.org/lib/entry-js/images/judgement.svg]
[playentry.org/lib/entry-js/images/judgement_on.svg]
[playentry.org/lib/entry-js/images/calc.svg]
[playentry.org/lib/entry-js/images/calc_on.svg]
[playentry.org/lib/entry-js/images/variable.svg]
[playentry.org/lib/entry-js/images/variable_on.svg]
[playentry.org/lib/entry-js/images/func.svg]
[playentry.org/lib/entry-js/images/func_on.svg]
[playentry.org/lib/entry-js/images/analysis.svg]
[playentry.org/lib/entry-js/images/analysis_on.svg]
[playentry.org/lib/entry-js/images/ai.svg]
[playentry.org/lib/entry-js/images/ai_on.svg]
[playentry.org/lib/entry-js/images/expansion.svg]
[playentry.org/lib/entry-js/images/expansion_on.svg]
[playentry.org/lib/entry-js/images/ai_utilize.svg]
[playentry.org/lib/entry-js/images/ai_utilize_on.svg]
[playentry.org/lib/entry-js/images/scene.png]
[playentry.org/lib/entry-js/images/hardware.svg]
[playentry.org/lib/entry-js/images/hardware_on.svg]
[playentry.org/lib/entry-js/images/sensor.svg]
[playentry.org/lib/entry-js/images/sensor_on.svg]
[playentry.org/lib/entry-js/images/diode.svg]
[playentry.org/lib/entry-js/images/diode_on.svg]
[playentry.org/lib/entry-js/images/dcmotor.svg]
[playentry.org/lib/entry-js/images/dcmotor_on.svg]
[playentry.org/lib/entry-js/images/melody.svg]
[playentry.org/lib/entry-js/images/melody_on.svg]
[playentry.org/lib/entry-js/images/robot.svg]
[playentry.org/lib/entry-js/images/robot_on.svg]
[playentry.org/lib/entry-js/images/entry_bg.svg]
[playentry.org/lib/entry-js/images/entry_bg_1.png]
[playentry.org/lib/entry-js/images/property/helper_off.png]
[playentry.org/lib/entry-js/images/property/helper_on.png]
[playentry.org/lib/entry-js/images/property/helper_on_practical_course.png]
[playentry.org/lib/entry-js/images/property/hint_off.png]
[playentry.org/lib/entry-js/images/property/hint_on.png]
[playentry.org/lib/entry-js/images/property/container_off.png]
[playentry.org/lib/entry-js/images/property/container_on.png]
[playentry.org/lib/entry-js/images/play_btn.png]
[playentry.org/lib/entry-js/images/stop_btn.png]
[playentry.org/lib/entry-js/images/grid.png]
[playentry.org/lib/entry-js/images/layers_icon_grid_nor_1.png]
[playentry.org/lib/entry-js/images/zoom_out_btn.png]
[playentry.org/lib/entry-js/images/layers_icon_button_play_norx2.png]
[playentry.org/lib/entry-js/images/layers_icon_button_stop_norx2.png]
[playentry.org/lib/entry-js/images/layers_icon_button_pause_norx2.png]
[playentry.org/lib/entry-js/images/layers_icon_button_play_nor.png]
[playentry.org/lib/entry-js/images/layers_icon_button_stop_nor.png]
[playentry.org/lib/entry-js/images/fullscreen_edit.png]
[playentry.org/lib/entry-js/images/zoom_in_btn.png]
[playentry.org/lib/entry-js/images/layers_icon_fullmode01_nor.png]
[playentry.org/lib/entry-js/images/layers_icon_fullmode01_nor_1.png]
[playentry.org/lib/entry-js/images/fullscreen_play.png]
[playentry.org/lib/entry-js/images/speed_edit.png]
[playentry.org/lib/entry-js/images/speed_edit_on.png]
[playentry.org/lib/entry-js/images/ic_graph_chk.png]
[playentry.org/lib/entry-js/images/speed_handle.png]
[playentry.org/lib/entry-js/images/coordinates_edit.png]
[playentry.org/lib/entry-js/images/layers_icon_grid_nor.png]
[playentry.org/lib/entry-js/images/coordinates_edit_on.png]
[playentry.org/lib/entry-js/images/coordinates_play.png]
[playentry.org/lib/entry-js/images/playbutton_edit.png]
[playentry.org/lib/entry-js/images/layers_icon_button_plus_nor.png]
[playentry.org/lib/entry-js/images/layers_icon_button_play_nor_1.png]
[playentry.org/lib/entry-js/images/playbutton_play.png]
[playentry.org/lib/entry-js/images/stopbutton_pause.png]
[playentry.org/lib/entry-js/images/layers_icon_button_stop_nor_2.png]
[playentry.org/lib/entry-js/images/layers_icon_button_pause_nor.png]
[playentry.org/lib/entry-js/images/pause_btn.png]
[playentry.org/lib/entry-js/images/speed_edit_big.png]
[playentry.org/lib/entry-js/images/layers_icon_grid_nor_big.png]
[playentry.org/lib/entry-js/images/layers_icon_fullmode01_nor_1_big.png]
[playentry.org/lib/entry-js/images/grid_big.png]
[playentry.org/lib/entry-js/images/zoom_out_btn_big.png]
[playentry.org/lib/entry-js/images/layers_icon_button_play_nor_1_practical_course_mode.png]
[playentry.org/lib/entry-js/images/layers_icon_button_plus_nor_practical_course_mode.png]
[playentry.org/lib/entry-js/images/layers_icon_button_pause_nor_practical_course_mode.png]
[playentry.org/lib/entry-js/images/layers_icon_button_stop_nor_2_practical_course_mode.png]
[playentry.org/lib/entry-js/images/block_helper_dispose.png]
[playentry.org/lib/entry-js/images/block_help_icon_2.png]
[playentry.org/lib/entry-js/images/block_help.png]
[playentry.org/lib/entry-js/images/layers_icon_visible.png]
[playentry.org/lib/entry-js/images/layers_icon_unvisible.png]
[playentry.org/lib/entry-js/images/layers_icon_unlock.png]
[playentry.org/lib/entry-js/images/layers_icon_lock.png]
[playentry.org/lib/entry-js/images/layers_icon_visible_disabled.png]
[playentry.org/lib/entry-js/images/layers_icon_lock_disabled.png]
[playentry.org/lib/entry-js/images/layers_icon_close_nor_new_disabled.png]
[playentry.org/lib/entry-js/images/text_icon.svg]
[playentry.org/lib/entry-js/images/layers_icon_close_nor_new.png]
[playentry.org/lib/entry-js/images/layers_icon_close_nor.png]
[playentry.org/lib/entry-js/images/glyphicons_150_edit.png]
[playentry.org/lib/entry-js/images/entry_scroll.png]
[playentry.org/lib/entry-js/images/layers_arrow_down_nor.png]
[playentry.org/lib/entry-js/images/layers_arrow_up_nor.png]
[playentry.org/lib/entry-js/images/layers_arrow_down_nor_1.png]
[playentry.org/lib/entry-js/images/icon_sound.png]
[playentry.org/lib/entry-js/images/icon_picture.png]
[playentry.org/lib/entry-js/images/icon_code.png]
[playentry.org/lib/entry-js/images/text_icon_white.png]
[playentry.org/lib/entry-js/images/layers_icon_rotate01_nor.png]
[playentry.org/lib/entry-js/images/layers_icon_rotate01_sel.png]
[playentry.org/lib/entry-js/images/layers_icon_rotate02_nor.png]
[playentry.org/lib/entry-js/images/layers_icon_rotate02_sel.png]
[playentry.org/lib/entry-js/images/layers_icon_rotate03_nor.png]
[playentry.org/lib/entry-js/images/layers_icon_rotate03_sel.png]
[playentry.org/lib/entry-js/images/entry_scroll_02.png]
[playentry.org/lib/entry-js/images/img_backpack_plus.svg]
[playentry.org/lib/entry-js/images/btn-toggle-comment-off.png]
[playentry.org/lib/entry-js/images/btn-toggle-comment-select.png]
[playentry.org/lib/entry-js/images/back_pack_button.svg]
[playentry.org/lib/entry-js/images/btn_pop_font_bold.png]
[playentry.org/lib/entry-js/images/btn_pop_font_bold_on.png]
[playentry.org/lib/entry-js/images/btn_pop_font_underline.png]
[playentry.org/lib/entry-js/images/btn_pop_font_underline_on.png]
[playentry.org/lib/entry-js/images/btn_pop_font_italic.png]
[playentry.org/lib/entry-js/images/btn_pop_font_italic_on.png]
[playentry.org/lib/entry-js/images/btn_pop_font_through.png]
[playentry.org/lib/entry-js/images/btn_pop_font_through_on.png]
[playentry.org/lib/entry-js/images/btn_pop_font_color.png]
[playentry.org/lib/entry-js/images/btn_pop_font_color_on.png]
[playentry.org/lib/entry-js/images/btn_pop_font_paint.png]
[playentry.org/lib/entry-js/images/btn_pop_font_paint_on.png]
[playentry.org/lib/entry-js/images/btn_pop_font_paint_clear_on.png]
[playentry.org/lib/entry-js/images/btn_pop_font_paint_clear.png]
[playentry.org/lib/entry-js/images/btn_pop_font_align_left.png]
[playentry.org/lib/entry-js/images/btn_pop_font_align_left_on.png]
[playentry.org/lib/entry-js/images/btn_pop_font_align_middle.png]
[playentry.org/lib/entry-js/images/btn_pop_font_align_middle_on.png]
[playentry.org/lib/entry-js/images/btn_pop_font_align_right.png]
[playentry.org/lib/entry-js/images/btn_pop_font_align_right_on.png]
[playentry.org/lib/entry-js/images/ico_pop_select_arr_down.png]
[playentry.org/lib/entry-js/images/ico_pop_select_arr_up.png]
[playentry.org/lib/entry-js/images/text_in_off.png]
[playentry.org/lib/entry-js/images/text_in_on.png]
[playentry.org/lib/entry-js/images/text_out_off.png]
[playentry.org/lib/entry-js/images/text_out_on.png]
[playentry.org/lib/entry-js/images/sound_edit.gif]
[playentry.org/lib/entry-js/images/workspace_sound_play.png]
[playentry.org/lib/entry-js/images/workspace_sound_stop.png]
[playentry.org/lib/entry-js/images/text_align_left_off.png]
[playentry.org/lib/entry-js/images/text_align_left_on.png]
[playentry.org/lib/entry-js/images/text_align_center_off.png]
[playentry.org/lib/entry-js/images/text_align_center_on.png]
[playentry.org/lib/entry-js/images/text_align_right_off.png]
[playentry.org/lib/entry-js/images/text_align_right_on.png]
[playentry.org/lib/entry-js/images/text_size_knob.png]
[playentry.org/lib/entry-js/images/text_color_bg.png]
[playentry.org/lib/entry-js/images/text_color_bg_1.png]
[playentry.org/lib/entry-js/images/entry_scroll_02_big_2.png]
[playentry.org/lib/entry-js/images/workspace_table_icon.svg]
[playentry.org/lib/entry-js/images/property/container_on_practical_course.png]
[playentry.org/lib/entry-js/images/property/hw_off.png]
[playentry.org/lib/entry-js/images/property/hw_on.png]
[playentry.org/lib/entry-js/images/property/hw_on_practical_course.png]
[playentry.org/lib/entry-js/images/property/vedio_off.png]
[playentry.org/lib/entry-js/images/property/vedio_on.png]
[playentry.org/lib/entry-js/images/property/doneproject.png]
[playentry.org/lib/entry-js/images/property/doneproject_on.png]
[playentry.org/lib/entry-js/images/property/pdf_off.png]
[playentry.org/lib/entry-js/images/property/pdf_on.png]
[playentry.org/lib/entry-js/images/property/console_off.png]
[playentry.org/lib/entry-js/images/property/console_on.png]
[playentry.org/lib/entry-js/images/property/console_on_practical_course.png]
[playentry.org/lib/entry-js/images/btn_scene_add.png]
[playentry.org/lib/entry-js/images/btn_scene_left.png]
[playentry.org/lib/entry-js/images/btn_scene_right.png]
[playentry.org/lib/entry-js/images/scene_delete_unselect.png]
[playentry.org/lib/entry-js/images/scene_delete.png]
[playentry.org/lib/entry-js/images/scene_delete_unselect_big.png]
[playentry.org/lib/entry-js/images/scene_delete_big.png]
[playentry.org/lib/entry-js/images/scene_delete_hover_big.png]
[playentry.org/img/assets/undo.png]
[playentry.org/img/assets/redo.png]
[playentry.org/lib/entry-js/images/toast_left.svg]
[playentry.org/lib/entry-js/images/toast_right.svg]
[playentry.org/lib/entry-js/images/toast_bg.svg]
[playentry.org/lib/entry-js/images/ic_attr_variable.png]
[playentry.org/lib/entry-js/images/ic_attr_message.png]
[playentry.org/lib/entry-js/images/ic_attr_list.png]
[playentry.org/lib/entry-js/images/ic_attr_func.png]
[playentry.org/lib/entry-js/images/ic_attr_variable_on.png]
[playentry.org/lib/entry-js/images/ic_attr_message_on.png]
[playentry.org/lib/entry-js/images/ic_attr_list_on.png]
[playentry.org/lib/entry-js/images/ic_attr_func_on.png]
[playentry.org/lib/entry-js/images/btn_radio.png]
[playentry.org/lib/entry-js/images/btn_radio_on.png]
[playentry.org/lib/entry-js/images/btn_checkbox.png]
[playentry.org/lib/entry-js/images/btn_checkbox_on.png]
[playentry.org/lib/entry-js/images/layers_icon_unvisible24.png]
[playentry.org/lib/entry-js/images/layers_icon_visible24.png]
[playentry.org/lib/entry-js/images/ic_attr_variable_cloud_on.png]
[playentry.org/lib/entry-js/images/ic_attr_variable_real_time_on.png]
[playentry.org/lib/entry-js/images/ic_attr_variable_local_on.png]
[playentry.org/lib/entry-js/images/ic_attr_list_cloud_on.png]
[playentry.org/lib/entry-js/images/ic_attr_list_real_time_on.png]
[playentry.org/lib/entry-js/images/ic_attr_list_local_on.png]
[playentry.org/lib/entry-js/images/layers_arrow_right_nor.png]
[playentry.org/lib/entry-js/images/curtain_close.png]
[playentry.org/lib/entry-js/images/status_dialog.png]
[playentry.org/lib/entry-js/images/status_dialog_blue.png]
[playentry.org/lib/entry-js/dist/entry49ee.css]
[playentry.org/lib/entry-tool/dist/entry-tool49ee.css]
[playentry.org/lib/entry-lms/dist/assets/app49ee.css]
[playentry.org/lib/entry-js/images/status_dialog_purple.png]
[playentry.org/lib/literallycanvas-mobile/lib/img/btn-normal.svg]
[playentry.org/lib/literallycanvas-mobile/lib/img/pan.svg]
[playentry.org/lib/literallycanvas-mobile/lib/img/pan-select.svg]
[playentry.org/lib/literallycanvas-mobile/lib/img/select-cut.svg]
[playentry.org/lib/literallycanvas-mobile/lib/img/select-cut-select.svg]
[playentry.org/lib/literallycanvas-mobile/lib/img/pencil.svg]
[playentry.org/lib/literallycanvas-mobile/lib/img/pencil-select.svg]
[playentry.org/lib/literallycanvas-mobile/lib/img/line.svg]
[playentry.org/lib/literallycanvas-mobile/lib/img/line-select.svg]
[playentry.org/lib/literallycanvas-mobile/lib/img/rectangle.svg]
[playentry.org/lib/literallycanvas-mobile/lib/img/rectangle-select.svg]
[playentry.org/lib/literallycanvas-mobile/lib/img/ellipse.svg]
[playentry.org/lib/literallycanvas-mobile/lib/img/ellipse-select.svg]
[playentry.org/lib/literallycanvas-mobile/lib/img/text.svg]
[playentry.org/lib/literallycanvas-mobile/lib/img/text-select.svg]
[playentry.org/lib/literallycanvas-mobile/lib/img/fill.svg]
[playentry.org/lib/literallycanvas-mobile/lib/img/fill-select.svg]
[playentry.org/lib/literallycanvas-mobile/lib/img/eraser.svg]
[playentry.org/lib/literallycanvas-mobile/lib/img/eraser-select.svg]
[playentry.org/lib/literallycanvas-mobile/lib/img/magnifier.svg]
[playentry.org/lib/literallycanvas-mobile/lib/img/magnifier-select.svg]
[playentry.org/lib/literallycanvas-mobile/lib/img/transparent-pattern.png]
[playentry.org/lib/literallycanvas-mobile/lib/img/btn-fullscreen.svg]
[playentry.org/lib/literallycanvas-mobile/lib/img/bold-normal.svg]
[playentry.org/lib/literallycanvas-mobile/lib/img/bold-select.svg]
[playentry.org/lib/literallycanvas-mobile/lib/img/italic-normal.svg]
[playentry.org/lib/literallycanvas-mobile/lib/img/italic-select.svg]
[playentry.org/lib/literallycanvas-mobile/lib/img/vertical.svg]
[playentry.org/lib/literallycanvas-mobile/lib/img/horizontal.svg]
[playentry.org/lib/literallycanvas-mobile/lib/css/literallycanvas.css]
[playentry.org/lib/codemirror/addon/hint/show-hint.css]
[playentry.org/lib/codemirror/addon/lint/lint.css]
[playentry.org/lib/codemirror/theme/dracula.css]
[playentry.org/lib/codemirror/theme/mbo.css]
[playentry.org/lib/codemirror/theme/neo.css]
[playentry.org/lib/literallycanvas-mobile/lib/img/img-cutting.svg]
[playentry.org/_next/static/images/c73e697d6f2e7fc46cbad5b0bbc1fa7b.png]
[playentry.org/_next/static/images/52f1ed44997e3366553b627ed6885f8a.png]
[playentry.org/_next/static/images/4e57d672144718deb2c16ddd05a7e81d.png]
[playentry.org/_next/static/images/1cedb4d03b9a97fe5a91b329be3a70f1.png]
[playentry.org/_next/static/images/d22cfa26374f16f152a457983cb8c7d1.png]
[playentry.org/_next/static/images/0fb00d5c36ce00206988cf64d60338d2.png]
[playentry.org/_next/static/images/12ec591e813cb66969cb68b3e1ead2f2.png]
[playentry.org/_next/static/images/24849f7a47d7e7e7a86f4126daa1dedb.png]
[playentry.org/_next/static/images/3f684abe41c68ba9c4c93767acc06fb5.png]
[playentry.org/_next/static/images/449d80b774a14906e7126f3d21966686.png]
[playentry.org/_next/static/images/4a69b641a74ce43ad4ae90a499e492e6.png]
[playentry.org/_next/static/images/382b822d226c0e35fc02c5190f43c5b9.png]
[playentry.org/_next/static/images/4dc5da4ee37890d1d7fb4fe543cb9f59.png]
[playentry.org/_next/static/images/14b9dbfcfa1e7967b882f49b11318cd2.png]
[playentry.org/_next/static/images/c841705c312ff62a8a58ffd32ffe603d.png]
[playentry.org/_next/static/images/90624708de664f5e4a7adb0a80933c2e.png]
[playentry.org/_next/static/images/b7ddd562cf621644eb9b366db61584c0.png]
[playentry.org/_next/static/images/1d66de1f1dd7b6074780116d05941e1a.png]
[playentry.org/_next/static/images/cb8816ded966add5d1fa201af43d7c62.png]
[playentry.org/_next/static/images/0f930c002abae8854bc60b1d06f31f1e.png]
[playentry.org/_next/static/images/7d3b88a770d18b82a61a6b5c22a93f11.png]
[playentry.org/_next/static/images/bc7f0dc2bd0b4cda40fdf3548d918760.png]
[playentry.org/_next/static/images/95b1329449a9a12b2329e896d5b8499d.png]
[playentry.org/_next/static/images/c27f5b9fef6071f095b723b604cc32f5.png]
[playentry.org/_next/static/images/e03a5a05d87a542f2d64e755db2fcf89.png]
[playentry.org/_next/static/images/8d23492e2e61da746d2c7c7bbbacccae.png]
[playentry.org/_next/static/images/dff88b3a573426949de295e18e0ddf4f.png]
[playentry.org/_next/static/images/43f33ac522249628906c658053d8e1e9.png]
[playentry.org/_next/static/images/0fd8f8c410bd3c9e47c97acc01e30259.png]
[playentry.org/_next/static/images/12fd65f3c164b9934cdc9f558de522fd.png]
[playentry.org/_next/static/images/3b0523e8122b292f0af8b6430e57f8bc.png]
[playentry.org/_next/static/images/d88b4c7970a7b9e9f068be33b3b905da.png]
[playentry.org/_next/static/images/0826797e8a10971583a74afa298a1d44.png]
[playentry.org/_next/static/images/7e480666b85482d6d9dae4ffc5dec802.png]
[playentry.org/_next/static/images/6e4073a6533350f4f486f1f164bca1a5.png]
[playentry.org/_next/static/images/fb4b052c23c289764ea0c85bf2ba7d7e.png]
[playentry.org/_next/static/images/287370b88dca0d9b835d5b5cad495548.png]
[playentry.org/_next/static/images/a163d196a8b161ceeecbf2481a6a0725.png]
[playentry.org/_next/static/images/65ed8d3f8c0ae6405984fa251f031009.png]
[playentry.org/_next/static/images/ff43189aaf247f8abbf15eb7c9e8a235.png]
[playentry.org/_next/static/images/5f9a7e035f017256066b227663283ff6.png]
[playentry.org/_next/static/images/8f9b5ebde317f6d2e8555f4ef1e5353e.png]
[playentry.org/_next/static/images/57c7d26973c7b347ec9ef1d54de97832.png]
[playentry.org/_next/static/images/0033a02852a44d734679c21ac14c3cdc.png]
[playentry.org/_next/static/images/510116e05bcd1801269cc886e5e52769.png]
[playentry.org/_next/static/images/7b0034b31907edf6bd90d1d526fddc48.png]
[playentry.org/_next/static/images/83e1e82ff3d94c83112ed0b0af168d9a.png]
[playentry.org/_next/static/images/b75ae8902924245a4553776ba6d4e46e.png]
[playentry.org/_next/static/images/3822331714c4b2dece0e0ffd802be3ea.png]
[playentry.org/_next/static/images/8b2ddaab42a1d6d3e196e6f0f5d97757.png]
[playentry.org/_next/static/images/1302b8555c3b39e40f9d15ef91efa062.png]
[playentry.org/_next/static/images/f0183a0f40406fba447398edc24ffb47.png]
[playentry.org/_next/static/images/7de26d42a0a579bdf0cc138f5215501d.png]
[playentry.org/_next/static/images/af17bbc71857e6b4614b1930819e3862.png]
[playentry.org/_next/static/images/409b7f95f04a424251a4a1c16622b123.png]
[playentry.org/_next/static/images/fb9037a4e0c48a81c07a22687d093edd.png]
[playentry.org/_next/static/images/f5ac1c678934ddeed597b77fa2dd3845.png]
[playentry.org/_next/static/images/85b1edb8cdc859124eaa610e945437d4.png]
[playentry.org/_next/static/images/1273724240ba83197efeb4a8192d5448.png]
[playentry.org/_next/static/images/ddb2516107a4cb9c8e8a2f9d9f0e0ed7.png]
[playentry.org/_next/static/images/fac7d7404207ccac74c1ee697f91251b.png]
[playentry.org/_next/static/images/a05a8fdf0c847057a6d2e2eb3cbbca42.png]
[playentry.org/_next/static/images/f899ac43fadd54fd5ecf340dd6a2915b.png]
[playentry.org/img/assets/lang_dropdown_arrow.png]
[playentry.org/img/assets/facebook_logo.png]
[playentry.org/img/assets/youtube_logo.png]
[playentry.org/_next/static/images/fbf110ab022565e0d10d2019f0f1a8be.png]
[playentry.org/img/assets/index/ico_captcha_mic_left.png]
[playentry.org/img/assets/index/ico_capcha_reflash.png]
[playentry.org/img/assets/index/ico_capcha_mic.png]
[playentry.org/img/assets/index/ico_captcha_img.png]
[playentry.org/_next/static/images/91c4c53d6d8f572e3a7a50559732da42.png]
[playentry.org/img/assets/lecture/ebs_2015_make_more.png]
[playentry.org/img/assets/lecture/ebs_2015_make_more_en.png]
[playentry.org/img/assets/lecture/lecture_new.png]
[playentry.org/img/assets/top_icon_save_b_nor2.png]
[playentry.org/img/assets/lecture/lecture_bug.png]
[playentry.org/img/assets/lecture/delsubmit.png]
[playentry.org/img/assets/lecture/submit.png]
[playentry.org/img/assets/loginBoxClose.png]
[playentry.org/img/assets/ico_top_arr_prev.png]
[playentry.org/img/assets/ico_top_arr_next.png]
[playentry.org/img/assets/ico_top_arr_prev_disabled.png]
[playentry.org/img/assets/ico_top_arr_next_disabled.png]
[playentry.org/img/assets/homework_submit_btn.png]
[playentry.org/img/assets/study_list_btn.png]
[playentry.org/static/img/assets/jr/replay.png]
[playentry.org/static/img/assets/jr/help/s_help1.png]
[playentry.org/static/img/assets/jr/help/s_help2.png]
[playentry.org/static/img/assets/jr/help/s_help3.png]
[playentry.org/static/img/assets/jr/help/s_help4.png]
[playentry.org/static/img/assets/jr/help/s_help5.png]
[playentry.org/static/img/assets/jr/help/s_help6.png]
[playentry.org/static/img/assets/jr/help/s_help7.png]
[playentry.org/static/img/assets/jr/help/s_help8.png]
[playentry.org/static/img/assets/jr/help/s_help9.png]
[playentry.org/static/img/assets/jr/help/s_help10.png]
[playentry.org/static/img/assets/jr/help/s_help11.png]
[playentry.org/static/img/assets/jr/help/s_help12.png]
[playentry.org/static/img/assets/jr/help/s_help13.png]
[playentry.org/static/img/assets/jr/help/s_help14.png]
[playentry.org/static/img/assets/jr/help/s_help15.png]
[playentry.org/static/img/assets/ntry/help_close.png]
[playentry.org/static/img/assets/jr/modal/help1.png]
[playentry.org/static/img/assets/jr/modal/help2.png]
[playentry.org/static/img/assets/jr/modal/help3.png]
[playentry.org/static/img/assets/jr/modal/help4.png]
[playentry.org/static/img/assets/jr/modal/help5.png]
[playentry.org/static/img/assets/jr/modal/help6.png]
[playentry.org/static/img/assets/jr/modal/help7.png]
[playentry.org/static/img/assets/jr/modal/help8.png]
[playentry.org/static/img/assets/jr/modal/help9.png]
[playentry.org/static/img/assets/jr/modal/help10.png]
[playentry.org/static/img/assets/jr/modal/help11.png]
[playentry.org/static/img/assets/jr/modal/help12.png]
[playentry.org/static/img/assets/jr/modal/help13.png]
[playentry.org/static/img/assets/jr/modal/help14.png]
[playentry.org/static/img/assets/jr/modal/help15.png]
[playentry.org/static/img/assets/jr/textbox.png]
[playentry.org/static/img/assets/ntry/play_icon.png]
[playentry.org/static/img/assets/ntry/pause_icon.png]
[playentry.org/static/img/assets/ntry/hintPurpose.png]
[playentry.org/static/img/assets/ntry/gom_hint.png]
[playentry.org/static/img/assets/ntry/gom_ani.png]
[playentry.org/static/img/assets/ntry/ws_image.png]
[playentry.org/static/img/assets/entry_bg.png]
[playentry.org/static/img/assets/ntry/blank_star.png]
[playentry.org/static/img/assets/ntry/blank_star_0.1.png]
[playentry.org/static/img/assets/ntry/filled_star.png]
[playentry.org/static/img/assets/ntry/filled_star_warn.png]
[playentry.org/static/img/assets/jr/image_start.png]
[playentry.org/static/img/assets/jr/image_fail1.png]
[playentry.org/static/img/assets/jr/image_fail2.png]
[playentry.org/static/img/assets/jr/image_fail3.png]
[playentry.org/img/assets/maze/bitmap/ws/space_top_bg.png]
[playentry.org/img/assets/ntry/ai/hint_question_number.png]
[playentry.org/img/assets/week/maze.png]
[playentry.org/img/assets/week/maze_level3_save2.png]
[playentry.org/img/assets/week/maze_level2_save2.png]
[playentry.org/img/assets/week/maze_level1_save2.png]
[playentry.org/img/assets/week/back1.png]
[playentry.org/img/assets/week/back2.png]
[playentry.org/img/assets/week/certificate/share.png]
[playentry.org/img/assets/week/certificate/footer_back_maze.png]
[playentry.org/img/assets/week/certificate/footer_left.png]
[playentry.org/img/assets/week/stageBg/ws1TopBg.png]
[playentry.org/img/assets/week/stageBg/ws1_image2.png]
[playentry.org/img/assets/week/stageBg/ws1_image3.png]
[playentry.org/img/assets/week/stageBg/ws2TopBg.png]
[playentry.org/img/assets/week/stageBg/ws2_image2.png]
[playentry.org/img/assets/week/stageBg/ws2_image3.png]
[playentry.org/img/assets/week/stageBg/ws3TopBg.png]
[playentry.org/img/assets/week/stageBg/ws3_image2.png]
[playentry.org/img/assets/week/stageBg/ws3_image3.png]
[playentry.org/img/assets/ntry/hint_bg.png]
[playentry.org/img/assets/ntry/hints/help-s1.png]
[playentry.org/img/assets/ntry/hints/help_thumb-s1.png]
[playentry.org/img/assets/ntry/hints/help-s2.png]
[playentry.org/img/assets/ntry/hints/help_thumb-s2.png]
[playentry.org/img/assets/ntry/hints/help-s3.png]
[playentry.org/img/assets/ntry/hints/help_thumb-s3.png]
[playentry.org/img/assets/ntry/hints/help-s4_0.1.png]
[playentry.org/img/assets/ntry/hints/help_thumb-s4_0.1.png]
[playentry.org/img/assets/ntry/hints/help-s5_0.1.png]
[playentry.org/img/assets/ntry/hints/help_thumb-s5_0.1.png]
[playentry.org/img/assets/ntry/hints/help-s6u.png]
[playentry.org/img/assets/ntry/hints/help_thumb-s6u.png]
[playentry.org/img/assets/ntry/hints/help-s7_0.1.png]
[playentry.org/img/assets/ntry/hints/help_thumb-s7_0.1.png]
[playentry.org/img/assets/ntry/hints/help-s8u.png]
[playentry.org/img/assets/ntry/hints/help_thumb-s8u.png]
[playentry.org/img/assets/ntry/hints/help-x1_0.1.png]
[playentry.org/img/assets/ntry/hints/help_thumb-x1_0.1.png]
[playentry.org/img/assets/ntry/hints/help-x2_0.1.png]
[playentry.org/img/assets/ntry/hints/help_thumb-x2_0.1.png]
[playentry.org/img/assets/ntry/hints/help-x3_0.1.png]
[playentry.org/img/assets/ntry/hints/help_thumb-x3_0.1.png]
[playentry.org/img/assets/ntry/hints/help-x4_0.1.png]
[playentry.org/img/assets/ntry/hints/help_thumb-x4_0.1.png]
[playentry.org/img/assets/ntry/hints/help-x5_0.1.png]
[playentry.org/img/assets/ntry/hints/help_thumb-x5_0.1.png]
[playentry.org/img/assets/ntry/hints/help-x6_0.1.png]
[playentry.org/img/assets/ntry/hints/help_thumb-x6_0.1.png]
[playentry.org/img/assets/ntry/bitmap/maze_car/textbox.png]
[playentry.org/img/assets/ntry/jr_start.png]
[playentry.org/img/assets/ntry/jr_replay.png]
[playentry.org/img/assets/ntry/1_start.png]
[playentry.org/img/assets/ntry/1_re.png]
[playentry.org/img/assets/entry_bg.png]
[playentry.org/img/assets/ntry/hint_question_number.png]
[playentry.org/img/assets/ntry/hint_prev.png]
[playentry.org/img/assets/ntry/hint_next.png]
[playentry.org/img/assets/ntry/hints/help_thumb-1.png]
[playentry.org/img/assets/ntry/hints/help_thumb-2.png]
[playentry.org/img/assets/ntry/hints/help_thumb-3.png]
[playentry.org/img/assets/ntry/hints/help_thumb-4.png]
[playentry.org/img/assets/ntry/hints/help_thumb-5.png]
[playentry.org/img/assets/ntry/hints/help_thumb-6.png]
[playentry.org/img/assets/ntry/hints/help_thumb-7.png]
[playentry.org/img/assets/ntry/hints/help_thumb-8.png]
[playentry.org/img/assets/ntry/hints/help_thumb-21.png]
[playentry.org/img/assets/ntry/hints/help_thumb-22.png]
[playentry.org/img/assets/ntry/hints/help_thumb-23.png]
[playentry.org/img/assets/ntry/hints/help_thumb-24.png]
[playentry.org/img/assets/ntry/hints/help_thumb-25.png]
[playentry.org/img/assets/ntry/hints/help_thumb-26.png]
[playentry.org/img/assets/ntry/hints/help_thumb-27.png]
[playentry.org/img/assets/ntry/hints/help_thumb-28.png]
[playentry.org/img/assets/ntry/hints/help_thumb-29.png]
[playentry.org/img/assets/ntry/hints/help_thumb-30.png]
[playentry.org/img/assets/ntry/hints/help_thumb-31.png]
[playentry.org/img/assets/ntry/hints/help_thumb-1_en.png]
[playentry.org/img/assets/ntry/hints/help_thumb-2_en.png]
[playentry.org/img/assets/ntry/hints/help_thumb-3_en.png]
[playentry.org/img/assets/ntry/hints/help_thumb-4_en.png]
[playentry.org/img/assets/ntry/hints/help_thumb-5_en.png]
[playentry.org/img/assets/ntry/hints/help_thumb-6_en.png]
[playentry.org/img/assets/ntry/hints/help_thumb-7_en.png]
[playentry.org/img/assets/ntry/hints/help_thumb-8_en.png]
[playentry.org/img/assets/ntry/hints/help_thumb-21_en.png]
[playentry.org/img/assets/ntry/hints/help_thumb-22_en.png]
[playentry.org/img/assets/ntry/hints/help_thumb-23_en.png]
[playentry.org/img/assets/ntry/hints/help_thumb-24_en.png]
[playentry.org/img/assets/ntry/hints/help_thumb-25_en.png]
[playentry.org/img/assets/ntry/hints/help_thumb-26_en.png]
[playentry.org/img/assets/ntry/hints/help_thumb-27_en.png]
[playentry.org/img/assets/ntry/hints/help_thumb-28_en.png]
[playentry.org/img/assets/ntry/hints/help_thumb-29_en.png]
[playentry.org/img/assets/ntry/hints/help_thumb-30_en.png]
[playentry.org/img/assets/ntry/hints/help_thumb-31_en.png]
[playentry.org/img/assets/ntry/hints/help-1.png]
[playentry.org/img/assets/ntry/hints/help-2.png]
[playentry.org/img/assets/ntry/hints/help-3.png]
[playentry.org/img/assets/ntry/hints/help-4.png]
[playentry.org/img/assets/ntry/hints/help-5.png]
[playentry.org/img/assets/ntry/hints/help-6.png]
[playentry.org/img/assets/ntry/hints/help-7.png]
[playentry.org/img/assets/ntry/hints/help-8.png]
[playentry.org/img/assets/ntry/hints/help-21.png]
[playentry.org/img/assets/ntry/hints/help-22.png]
[playentry.org/img/assets/ntry/hints/help-23.png]
[playentry.org/img/assets/ntry/hints/help-24.png]
[playentry.org/img/assets/ntry/hints/help-25.png]
[playentry.org/img/assets/ntry/hints/help-26.png]
[playentry.org/img/assets/ntry/hints/help-27.png]
[playentry.org/img/assets/ntry/hints/help-28.png]
[playentry.org/img/assets/ntry/hints/help-29.png]
[playentry.org/img/assets/ntry/hints/help-30.png]
[playentry.org/img/assets/ntry/hints/help-31.png]
[playentry.org/img/assets/ntry/hints/help-21_en.png]
[playentry.org/img/assets/ntry/hints/help-22_en.png]
[playentry.org/img/assets/ntry/hints/help-23_en.png]
[playentry.org/img/assets/ntry/hints/help-24_en.png]
[playentry.org/img/assets/ntry/hints/help-25_en.png]
[playentry.org/img/assets/ntry/hints/help-26_en.png]
[playentry.org/img/assets/ntry/hints/help-27_en.png]
[playentry.org/img/assets/ntry/hints/help-28_en.png]
[playentry.org/img/assets/ntry/hints/help-29_en.png]
[playentry.org/img/assets/ntry/hints/help-30_en.png]
[playentry.org/img/assets/ntry/hints/help-31_en.png]
[playentry.org/img/assets/ntry/hints/help_thumb_map-21.png]
[playentry.org/img/assets/ntry/hints/help_thumb_map-22.png]
[playentry.org/img/assets/ntry/hints/help_thumb_map-23.png]
[playentry.org/img/assets/ntry/hints/help_thumb_map-24.png]
[playentry.org/img/assets/ntry/hints/help_thumb_map-25.png]
[playentry.org/img/assets/ntry/hints/help_thumb_map-26.png]
[playentry.org/img/assets/ntry/hints/help_thumb_map-27.png]
[playentry.org/img/assets/ntry/hints/help_thumb_map-28.png]
[playentry.org/img/assets/ntry/hints/help_thumb_map-29.png]
[playentry.org/img/assets/ntry/hints/help_thumb_map-30.png]
[playentry.org/img/assets/ntry/hints/help_map-21.png]
[playentry.org/img/assets/ntry/hints/help_map-22.png]
[playentry.org/img/assets/ntry/hints/help_map-23.png]
[playentry.org/img/assets/ntry/hints/help_map-24.png]
[playentry.org/img/assets/ntry/hints/help_map-25.png]
[playentry.org/img/assets/ntry/hints/help_map-26.png]
[playentry.org/img/assets/ntry/hints/help_map-27.png]
[playentry.org/img/assets/ntry/hints/help_map-28.png]
[playentry.org/img/assets/ntry/hints/help_map-29.png]
[playentry.org/img/assets/ntry/hints/help_map-30.png]
[playentry.org/img/assets/ntry/hints/help-1_en.png]
[playentry.org/img/assets/ntry/hints/help-2_en.png]
[playentry.org/img/assets/ntry/hints/help-3_en.png]
[playentry.org/img/assets/ntry/hints/help-4_en.png]
[playentry.org/img/assets/ntry/hints/help-5_en.png]
[playentry.org/img/assets/ntry/hints/help-6_en.png]
[playentry.org/img/assets/ntry/hints/help-7_en.png]
[playentry.org/img/assets/ntry/hints/help-8_en.png]
[playentry.org/img/assets/ntry/hints/help_map-21_en.png]
[playentry.org/img/assets/ntry/hints/help_map-22_en.png]
[playentry.org/img/assets/ntry/hints/help_map-23_en.png]
[playentry.org/img/assets/ntry/hints/help_map-24_en.png]
[playentry.org/img/assets/ntry/hints/help_map-25_en.png]
[playentry.org/img/assets/ntry/hints/help_map-26_en.png]
[playentry.org/img/assets/ntry/hints/help_map-27_en.png]
[playentry.org/img/assets/ntry/hints/help_map-28_en.png]
[playentry.org/img/assets/ntry/hints/help_map-29_en.png]
[playentry.org/img/assets/ntry/hints/help_map-30_en.png]
[playentry.org/img/assets/ntry/help_close_0.1.png]
[playentry.org/img/assets/ntry/intro_close.png]
[playentry.org/img/assets/ntry/intro_1.png]
[playentry.org/img/assets/ntry/intro_2.png]
[playentry.org/img/assets/ntry/intro_3.png]
[playentry.org/img/assets/ntry/intro_ai.png]
[playentry.org/img/assets/ntry/cfest_button_right.png]
[playentry.org/static/img/assets/ntry/result_success_1_en.png]
[playentry.org/static/img/assets/ntry/result_success_2.png]
[playentry.org/static/img/assets/ntry/result_success_3_en.png]
[playentry.org/img/assets/ntry/result_success_1.png]
[playentry.org/img/assets/ntry/result_success_2.png]
[playentry.org/img/assets/ntry/result_success_3.png]
[playentry.org/img/assets/ntry/result_success_ai.png]
[playentry.org/img/assets/ntry/result_fail_1_1.png]
[playentry.org/img/assets/ntry/result_fail_1_2.png]
[playentry.org/img/assets/ntry/result_fail_1_3.png]
[playentry.org/img/assets/ntry/result_fail_2_1.png]
[playentry.org/img/assets/ntry/result_fail_2_2.png]
[playentry.org/img/assets/ntry/result_fail_2_3.png]
[playentry.org/img/assets/ntry/result_fail_3_1.png]
[playentry.org/img/assets/ntry/result_fail_3_2.png]
[playentry.org/img/assets/ntry/result_fail_3_3.png]
[playentry.org/img/assets/ntry/result_fail_ai_1.png]
[playentry.org/img/assets/ntry/result_fail_ai_2.png]
[playentry.org/img/assets/ntry/result_fail_ai_3.png]
[playentry.org/img/assets/ntry/result_fail_ai_4.png]
[playentry.org/img/assets/ntry/result_fails_essential_1.png]
[playentry.org/img/assets/ntry/result_fails_essential_2.png]
[playentry.org/img/assets/ntry/result_fails_essential_3.png]
[playentry.org/img/assets/ntry/final_cfest_2.png]
[playentry.org/img/assets/ntry/result_blocks_bg.png]
[playentry.org/img/assets/ntry/replay_btn.png]
[playentry.org/img/assets/ntry/essentials/7_8.png]
[playentry.org/img/assets/ntry/essentials/9.png]
[playentry.org/img/assets/ntry/essentials/10_11_12.png]
[playentry.org/img/assets/ntry/essentials/13_14.png]
[playentry.org/img/assets/ntry/essentials/15-20.png]
[playentry.org/img/assets/ntry/ai/ai_start_button.png]
[playentry.org/img/assets/ntry/ai/ai_reset_button.png]
[playentry.org/img/assets/entry/text_size_knob.png]
[playentry.org/img/assets/ntry/ai/ai_left_img.png]
[playentry.org/img/assets/ntry/ai/ai_right_img.png]
[playentry.org/img/assets/ntry/hint_question_number_2.png]
[playentry.org/img/assets/ntry/2_start.png]
[playentry.org/img/assets/ntry/hint_next_2.png]
[playentry.org/img/assets/ntry/hint_question_number_3.png]
[playentry.org/img/assets/ntry/3_start.png]
[playentry.org/img/assets/ntry/hint_prev_3.png]
[playentry.org/img/assets/ntry/hint_next_3.png]
[playentry.org/img/assets/ntry/ai/hint_left_arrow.png]
[playentry.org/img/assets/ntry/ai/hint_right_arrow.png]
[playentry.org/img/assets/ntry/ebs_2015_intro_img.png]
[playentry.org/img/assets/ntry/ebs_2015_q.png]
[playentry.org/img/assets/ntry/learn_ebs_popup_success.png]
[playentry.org/img/assets/ntry/learn_ebs_popup_win.png]
[playentry.org/img/assets/ntry/learn_ebs_popup_fail.png]
[playentry.org/img/assets/ntry/essentials/ebs_2-1.png]
[playentry.org/img/assets/ntry/essentials/ebs_2-2.png]
[playentry.org/img/assets/ntry/essentials/ebs_2-3.png]
[playentry.org/img/assets/ntry/essentials/ebs_2-4.png]
[playentry.org/img/assets/ntry/essentials/ebs_3-1.png]
[playentry.org/img/assets/ntry/essentials/ebs_3-2.png]
[playentry.org/img/assets/ntry/essentials/ebs_3-3.png]
[playentry.org/img/assets/ntry/essentials/ebs_3-4.png]
[playentry.org/img/assets/ntry/ebs_2015_start_bg.png]
[playentry.org/img/assets/ntry/ebs_2015_running_bg.png]
[playentry.org/img/assets/ntry/ebs_2015_stopped_bg.png]
[playentry.org/img/assets/ntry/ebs_2015_make_more.png]
[playentry.org/img/assets/ntry/ebs_2015_make_more_en.png]
[playentry.org/img/assets/ntry/lecture_bug.png]
[playentry.org/img/assets/ntry/final_btn.png]
[playentry.org/img/assets/ntry/result_replay_btn.png]
[playentry.org/img/assets/week/stageBg/ic_mission_list.png]
[playentry.org/img/assets/ntry/video_play_off.png]
[playentry.org/img/assets/ntry/video_play_on.png]
[playentry.org/_next/static/images/37069c9e9af80dd8db0e83f18097fb8e.svg]
[playentry.org/img/assets/popup/workspace/btn_down.png]
[playentry.org/img/assets/popup/workspace/fail_bg.png]
[playentry.org/img/assets/popup/workspace/fail_close.png]
[playentry.org/img/assets/popup/workspace/suc_txt_bg.png]
[playentry.org/img/assets/popup/workspace/suc_bg02.png]
[playentry.org/img/assets/popup/workspace/suc_bg01.png]
[playentry.org/img/assets/popup/workspace/suc_bg00.png]
[playentry.org/img/assets/popup/workspace/suc_cha.png]
[playentry.org/img/assets/popup/course/progress.gif]
[playentry.org/img/assets/popup/workspace/btn_close.png]
[playentry.org/_next/static/css/styles.1e5bc872.chunk.css]
[playentry.org/css/fonts_mobile.css]
[playentry.org/img/assets/print.png]
[playentry.org/css/NanumGothic]
[playentry.org/css/NanumGothicOTF]
[playentry.org/css/NanumGothicBold]
[playentry.org/css/NanumGothicOTFBold]
[playentry.org/css/common_fonts_mobile.css]
[playentry.org/lib/entry-lms/dist/assets/app24e0.css]
[playentry.org/lib/entry-tool/dist/entry-tool24e0.css]
[playentry.org/lib/entry-lms/dist/assets/app5a15.css]
[playentry.org/lib/entry-tool/dist/entry-tool5a15.css]
[playentry.org/entry/https_/playentry.org/entry#!/my_project_sort=updated&rows=15&page=1&tab=my_project&type=project.html]
[playentry.org/lib/entry-lms/dist/assets/app3eee.css]
[playentry.org/lib/entry-tool/dist/entry-tool3eee.css]
[playentry.org/lib/bootstrap/dist/fonts/glyphicons-halflings-regular.eot]
[playentry.org/lib/bootstrap/dist/fonts/glyphicons-halflings-regulard41d.eot]
[playentry.org/lib/bootstrap/dist/fonts/glyphicons-halflings-regular.woff]
[playentry.org/lib/bootstrap/dist/fonts/glyphicons-halflings-regular.ttf]
[playentry.org/lib/bootstrap/dist/css/bootstrap.min.css]
[playentry.org/lib/bootstrap/dist/fonts/glyphicons-halflings-regular.svg]
[playentry.org/img/assets/msie.png]
[playentry.org/img/assets/icon_windows.png]
[playentry.org/css/pages/ie.css]
[playentry.org/lib/entry-js/images/block_menu/scroll_indicator_arrow.svg]
[playentry.org/lib/entry-js/images/beta_tag.svg]
[playentry.org/lib/entry-js/images/start.svg]
[playentry.org/lib/entry-js/images/start_on.svg]
[playentry.org/lib/entry-js/images/flow.svg]
[playentry.org/lib/entry-js/images/flow_on.svg]
[playentry.org/lib/entry-js/images/moving.svg]
[playentry.org/lib/entry-js/images/moving_on.svg]
[playentry.org/lib/entry-js/images/looks.svg]
[playentry.org/lib/entry-js/images/looks_on.svg]
[playentry.org/lib/entry-js/images/brush.svg]
[playentry.org/lib/entry-js/images/brush_on.svg]
[playentry.org/lib/entry-js/images/text.svg]
[playentry.org/lib/entry-js/images/text_on.svg]
[playentry.org/lib/entry-js/images/sound.svg]
[playentry.org/lib/entry-js/images/sound_on.svg]
[playentry.org/lib/entry-js/images/judgement.svg]
[playentry.org/lib/entry-js/images/judgement_on.svg]
[playentry.org/lib/entry-js/images/calc.svg]
[playentry.org/lib/entry-js/images/calc_on.svg]
[playentry.org/lib/entry-js/images/variable.svg]
[playentry.org/lib/entry-js/images/variable_on.svg]
[playentry.org/lib/entry-js/images/func.svg]
[playentry.org/lib/entry-js/images/func_on.svg]
[playentry.org/lib/entry-js/images/analysis.svg]
[playentry.org/lib/entry-js/images/analysis_on.svg]
[playentry.org/lib/entry-js/images/ai.html]
[playentry.org/lib/entry-js/images/ai_on.html]
[playentry.org/lib/entry-js/images/expansion.svg]
[playentry.org/lib/entry-js/images/expansion_on.svg]
[playentry.org/lib/entry-js/images/ai_utilize.svg]
[playentry.org/lib/entry-js/images/ai_utilize_on.svg]
[playentry.org/lib/entry-js/images/hardware.svg]
[playentry.org/lib/entry-js/images/hardware_on.svg]
[playentry.org/lib/entry-js/images/sensor.svg]
[playentry.org/lib/entry-js/images/sensor_on.svg]
[playentry.org/lib/entry-js/images/diode.svg]
[playentry.org/lib/entry-js/images/diode_on.svg]
[playentry.org/lib/entry-js/images/dcmotor.svg]
[playentry.org/lib/entry-js/images/dcmotor_on.svg]
[playentry.org/lib/entry-js/images/melody.svg]
[playentry.org/lib/entry-js/images/melody_on.svg]
[playentry.org/lib/entry-js/images/robot.svg]
[playentry.org/lib/entry-js/images/robot_on.svg]
[playentry.org/lib/entry-js/images/entry_bg.svg]
[playentry.org/lib/entry-js/images/fullscreen_edit.html]
[playentry.org/lib/entry-js/images/fullscreen_play.html]
[playentry.org/lib/entry-js/images/speed_handle.html]
[playentry.org/lib/entry-js/images/coordinates_edit.html]
[playentry.org/lib/entry-js/images/coordinates_edit_on.html]
[playentry.org/lib/entry-js/images/zoom_out_btn_big.html]
[playentry.org/lib/entry-js/images/text_icon.svg]
[playentry.org/lib/entry-js/images/img_backpack_plus.svg]
[playentry.org/lib/entry-js/images/back_pack_button.svg]
[playentry.org/lib/entry-js/images/text_in_off.html]
[playentry.org/lib/entry-js/images/text_in_on.html]
[playentry.org/lib/entry-js/images/text_out_off.html]
[playentry.org/lib/entry-js/images/text_out_on.html]
[playentry.org/lib/entry-js/images/text_align_left_off.html]
[playentry.org/lib/entry-js/images/text_align_left_on.html]
[playentry.org/lib/entry-js/images/text_align_center_off.html]
[playentry.org/lib/entry-js/images/text_align_center_on.html]
[playentry.org/lib/entry-js/images/text_align_right_off.html]
[playentry.org/lib/entry-js/images/text_align_right_on.html]
[playentry.org/lib/entry-js/images/workspace_table_icon.svg]
[playentry.org/lib/entry-js/images/toast_left.svg]
[playentry.org/lib/entry-js/images/toast_right.svg]
[playentry.org/lib/entry-js/images/toast_bg.svg]
[playentry.org/lib/literallycanvas-mobile/lib/img/btn-normal.svg]
[playentry.org/lib/literallycanvas-mobile/lib/img/pan.svg]
[playentry.org/lib/literallycanvas-mobile/lib/img/pan-select.svg]
[playentry.org/lib/literallycanvas-mobile/lib/img/select-cut.svg]
[playentry.org/lib/literallycanvas-mobile/lib/img/select-cut-select.svg]
[playentry.org/lib/literallycanvas-mobile/lib/img/pencil.svg]
[playentry.org/lib/literallycanvas-mobile/lib/img/pencil-select.svg]
[playentry.org/lib/literallycanvas-mobile/lib/img/line.svg]
[playentry.org/lib/literallycanvas-mobile/lib/img/line-select.svg]
[playentry.org/lib/literallycanvas-mobile/lib/img/rectangle.svg]
[playentry.org/lib/literallycanvas-mobile/lib/img/rectangle-select.svg]
[playentry.org/lib/literallycanvas-mobile/lib/img/ellipse.svg]
[playentry.org/lib/literallycanvas-mobile/lib/img/ellipse-select.svg]
[playentry.org/lib/literallycanvas-mobile/lib/img/text.svg]
[playentry.org/lib/literallycanvas-mobile/lib/img/text-select.svg]
[playentry.org/lib/literallycanvas-mobile/lib/img/fill.svg]
[playentry.org/lib/literallycanvas-mobile/lib/img/fill-select.svg]
[playentry.org/lib/literallycanvas-mobile/lib/img/eraser.svg]
[playentry.org/lib/literallycanvas-mobile/lib/img/eraser-select.svg]
[playentry.org/lib/literallycanvas-mobile/lib/img/magnifier.svg]
[playentry.org/lib/literallycanvas-mobile/lib/img/magnifier-select.svg]
[playentry.org/lib/literallycanvas-mobile/lib/img/btn-fullscreen.svg]
[playentry.org/lib/literallycanvas-mobile/lib/img/menu-arrow.svg]
[playentry.org/lib/literallycanvas-mobile/lib/img/size-minus.svg]
[playentry.org/lib/literallycanvas-mobile/lib/img/size-plus.svg]
[playentry.org/lib/literallycanvas-mobile/lib/img/bold-normal.svg]
[playentry.org/lib/literallycanvas-mobile/lib/img/bold-select.svg]
[playentry.org/lib/literallycanvas-mobile/lib/img/italic-normal.svg]
[playentry.org/lib/literallycanvas-mobile/lib/img/italic-select.svg]
[playentry.org/lib/literallycanvas-mobile/lib/img/vertical.svg]
[playentry.org/lib/literallycanvas-mobile/lib/img/horizontal.svg]
[playentry.org/lib/literallycanvas-mobile/lib/img/img-cutting.svg]
[playentry.org/img/assets/week/maze.html]
[playentry.org/_next/static/images/37069c9e9af80dd8db0e83f18097fb8e.svg]
[playentry.org/css/NanumGothic.html]
[playentry.org/css/NanumGothicOTF.html]
[playentry.org/css/NanumGothicBold.html]
[playentry.org/css/NanumGothicOTFBold.html]
[playentry.org/lib/bootstrap/dist/fonts/glyphicons-halflings-regular.svg]
[fonts.googleapis.com/earlyaccess/nanumgothic.css]
[playentry.org/img/assets/icon_mac.png]
